// Jest Snapshot v1, https://goo.gl/fbAQLP

exports[`Test Register page renders correctly 1`] = `
Object {
  "asFragment": [Function],
  "baseElement": <body>
    <div>
      <section
        class="Auth-form-container"
      >
        <form
          class="Auth-form"
        >
          <div
            class="Auth-form-content"
          >
            <h3
              class="Auth-form-title"
            >
              Sign Up
            </h3>
            <div
              class="text-center"
            >
              Already registered?
               
              <span
                class="link-primary"
              >
                <a
                  class=""
                  href="/login"
                >
                  Sign In
                </a>
              </span>
            </div>
            <div
              class="form-group mt-3"
            >
              <label
                for="fullname"
              >
                Full Name
              </label>
              <input
                class="form-control mt-1"
                id="fullname"
                placeholder="e.g Jane Doe"
                required=""
                type="text"
                value=""
              />
            </div>
            <div
              class="form-group mt-3"
            >
              <label
                for="email"
              >
                Email address
              </label>
              <input
                class="form-control mt-1"
                id="email"
                placeholder="Email Address"
                required=""
                type="email"
                value=""
              />
            </div>
            <div
              class="form-group mt-3"
            >
              <label
                for="password"
              >
                Password
              </label>
              <input
                class="form-control mt-1"
                id="password"
                placeholder="Password"
                required=""
                type="password"
                value=""
              />
            </div>
            <div
              class="form-group mt-3"
            >
              <label
                for="confirm_password"
              >
                Confirm Password
              </label>
              <input
                class="form-control mt-1"
                id="confirm_password"
                placeholder="Confirm Password"
                required=""
                type="password"
                value=""
              />
            </div>
            <div
              class="d-grid gap-2 mt-3"
            >
              <button
                class="btn btn-primary"
                type="submit"
              >
                Submit
              </button>
            </div>
          </div>
        </form>
      </section>
    </div>
  </body>,
  "container": <div>
    <section
      class="Auth-form-container"
    >
      <form
        class="Auth-form"
      >
        <div
          class="Auth-form-content"
        >
          <h3
            class="Auth-form-title"
          >
            Sign Up
          </h3>
          <div
            class="text-center"
          >
            Already registered?
             
            <span
              class="link-primary"
            >
              <a
                class=""
                href="/login"
              >
                Sign In
              </a>
            </span>
          </div>
          <div
            class="form-group mt-3"
          >
            <label
              for="fullname"
            >
              Full Name
            </label>
            <input
              class="form-control mt-1"
              id="fullname"
              placeholder="e.g Jane Doe"
              required=""
              type="text"
              value=""
            />
          </div>
          <div
            class="form-group mt-3"
          >
            <label
              for="email"
            >
              Email address
            </label>
            <input
              class="form-control mt-1"
              id="email"
              placeholder="Email Address"
              required=""
              type="email"
              value=""
            />
          </div>
          <div
            class="form-group mt-3"
          >
            <label
              for="password"
            >
              Password
            </label>
            <input
              class="form-control mt-1"
              id="password"
              placeholder="Password"
              required=""
              type="password"
              value=""
            />
          </div>
          <div
            class="form-group mt-3"
          >
            <label
              for="confirm_password"
            >
              Confirm Password
            </label>
            <input
              class="form-control mt-1"
              id="confirm_password"
              placeholder="Confirm Password"
              required=""
              type="password"
              value=""
            />
          </div>
          <div
            class="d-grid gap-2 mt-3"
          >
            <button
              class="btn btn-primary"
              type="submit"
            >
              Submit
            </button>
          </div>
        </div>
      </form>
    </section>
  </div>,
  "debug": [Function],
  "findAllByAltText": [Function],
  "findAllByDisplayValue": [Function],
  "findAllByLabelText": [Function],
  "findAllByPlaceholderText": [Function],
  "findAllByRole": [Function],
  "findAllByTestId": [Function],
  "findAllByText": [Function],
  "findAllByTitle": [Function],
  "findByAltText": [Function],
  "findByDisplayValue": [Function],
  "findByLabelText": [Function],
  "findByPlaceholderText": [Function],
  "findByRole": [Function],
  "findByTestId": [Function],
  "findByText": [Function],
  "findByTitle": [Function],
  "getAllByAltText": [Function],
  "getAllByDisplayValue": [Function],
  "getAllByLabelText": [Function],
  "getAllByPlaceholderText": [Function],
  "getAllByRole": [Function],
  "getAllByTestId": [Function],
  "getAllByText": [Function],
  "getAllByTitle": [Function],
  "getByAltText": [Function],
  "getByDisplayValue": [Function],
  "getByLabelText": [Function],
  "getByPlaceholderText": [Function],
  "getByRole": [Function],
  "getByTestId": [Function],
  "getByText": [Function],
  "getByTitle": [Function],
  "queryAllByAltText": [Function],
  "queryAllByDisplayValue": [Function],
  "queryAllByLabelText": [Function],
  "queryAllByPlaceholderText": [Function],
  "queryAllByRole": [Function],
  "queryAllByTestId": [Function],
  "queryAllByText": [Function],
  "queryAllByTitle": [Function],
  "queryByAltText": [Function],
  "queryByDisplayValue": [Function],
  "queryByLabelText": [Function],
  "queryByPlaceholderText": [Function],
  "queryByRole": [Function],
  "queryByTestId": [Function],
  "queryByText": [Function],
  "queryByTitle": [Function],
  "rerender": [Function],
  "unmount": [Function],
}
`;
